Load message: Data loaded successfully. shape: (1460, 8)

==============================
Testing model type: Linear Regression
==============================
Train message: Linear Regression trained successfully (CV R2: 0.69).

--- Metrics on hold-out test set ---
Test MSE: 1,646,106,887.29
Test RMSE: 40,572.24
Test MAE: 28,032.31
Test R2: 0.7854
--- CV Results ---: 
CV Mean R2: 0.6924
CV Std Dev: 0.0501

--- 5-Fold CV R^2 ---
Mean R2: 0.6924
Std R2: 0.0501
Scores: ['0.74', '0.74', '0.60', '0.69', '0.69']

--- Sample prediction ---
Input sample: {'bed': 3, 'bath': 2.5, 'acre_lot': 0.1939853076216712, 'house_size': 1710, 'zip_code': 'CollgCr', 'city': 'Ames', 'state': 'IA', 'price': 208500, 'location_encoded': 197965.77333333335}
Predicted price: $195,410.11
Location info: $197,966 (Zip Avg)

==============================
Testing model type: Random Forest
==============================
Train message: Random Forest trained successfully (CV R2: 0.78).

--- Metrics on hold-out test set ---
Test MSE: 997,469,318.48
Test RMSE: 31,582.74
Test MAE: 21,054.64
Test R2: 0.8700
--- CV Results ---: 
CV Mean R2: 0.7819
CV Std Dev: 0.0332

--- 5-Fold CV R^2 ---
Mean R2: 0.7819
Std R2: 0.0332
Scores: ['0.83', '0.79', '0.76', '0.79', '0.74']

--- Sample prediction ---
Input sample: {'bed': 3, 'bath': 2.5, 'acre_lot': 0.1939853076216712, 'house_size': 1710, 'zip_code': 'CollgCr', 'city': 'Ames', 'state': 'IA', 'price': 208500, 'location_encoded': 197965.77333333335}
Predicted price: $201,774.24
Location info: $197,966 (Zip Avg)

==============================
Testing model type: Gradient Boosting
==============================
Train message: Gradient Boosting trained successfully (CV R2: 0.78).

--- Metrics on hold-out test set ---
Test MSE: 1,330,375,910.05
Test RMSE: 36,474.32
Test MAE: 22,584.01
Test R2: 0.8266
--- CV Results ---: 
CV Mean R2: 0.7774
CV Std Dev: 0.0251

--- 5-Fold CV R^2 ---
Mean R2: 0.7774
Std R2: 0.0251
Scores: ['0.82', '0.78', '0.76', '0.79', '0.74']

--- Sample prediction ---
Input sample: {'bed': 3, 'bath': 2.5, 'acre_lot': 0.1939853076216712, 'house_size': 1710, 'zip_code': 'CollgCr', 'city': 'Ames', 'state': 'IA', 'price': 208500, 'location_encoded': 197965.77333333335}
Predicted price: $197,730.65
Location info: $197,966 (Zip Avg)
